// Jest Snapshot v1, https://goo.gl/fbAQLP

exports[`WDButton should generate the default markup 1`] = `<div id="example">Hello World</div>`;
